// Jest Snapshot v1, https://goo.gl/fbAQLP

exports[`removes vue-class-component2 1`] = `
"import TestComponent1 from './TestComponent1/TestComponent1.vue';
import TestComponent2 from './TestComponent2/TestComponent2.vue';
import { ExampleType } from './ExampleType';

import { defineComponent, PropType } from \\"vue\\";

type ABC = { a: string };

export default defineComponent({
  name: \\"MyComponent\\",

  components: {
    TestComponent1,
    TestComponent2,
  },

  props: {
    example2: {
      type: Array as PropType<ExampleType[]>
    },

    project: {
      type: Object as PropType<project>,
      default: () => undefined
    },

    example: {
      type: Array as PropType<ExampleType[]>,
      required: true,
      default: () => true
    },

    prop1: {
      type: String as PropType<string>,
      required: true
    },

    prop2: {
      type: Number as PropType<number>,
      required: true,
      default: () => 0
    },

    env: {
      type: Object as PropType<environment | null>
    },

    arr: {
      type: Array as PropType<environment[]>,
      required: true
    },

    assignTo: {
      type: String as PropType<\\"project\\" | \\"environment\\">,
      required: true
    },

    assignTo2: {
      type: Object as PropType<{ b: 6} | ABC>,
      required: true
    }
  },

  data: () => ({
    data1: true,
    nullable: null as string | null
  }),

  computed: {
    computed1(): boolean {
      return !!this.prop2;
    },

    someProp(): string {
      return someStore.someValue;
    }
  },

  watch: {
    prop1: {
      deep: true,
      immediate: true,

      handler() {
        console.log('Example watcher')
      }
    }
  },

  created() {
    console.log('created hook')
  },

  methods: {
    method1() {
      console.log('Example method')
    }
  }
});"
`;
